[12:45:23] [main/INFO] (FabricLoader/GameProvider) Loading Minecraft 1.21 with Fabric Loader 0.18.1
[12:45:23] [main/INFO] (FabricLoader) Loading 56 mods:
	- customportalapi 0.0.1-beta67-1.21
	- fabric-api 0.102.0+1.21
	- fabric-api-base 0.4.42+6573ed8cd1
	- fabric-api-lookup-api-v1 1.6.68+b5597344d1
	- fabric-biome-api-v1 13.0.29+5bd9f1bcd1
	- fabric-block-api-v1 1.0.22+0af3f5a7d1
	- fabric-block-view-api-v2 1.0.10+6573ed8cd1
	- fabric-blockrenderlayer-v1 1.1.52+0af3f5a7d1
	- fabric-client-tags-api-v1 1.1.15+6573ed8cd1
	- fabric-command-api-v1 1.2.49+f71b366fd1
	- fabric-command-api-v2 2.2.28+6ced4dd9d1
	- fabric-commands-v0 0.2.66+df3654b3d1
	- fabric-content-registries-v0 8.0.16+b5597344d1
	- fabric-convention-tags-v1 2.0.19+7f945d5bd1
	- fabric-convention-tags-v2 2.5.0+c5e2b5c6d1
	- fabric-crash-report-info-v1 0.2.29+0af3f5a7d1
	- fabric-data-attachment-api-v1 1.1.27+6a6dfa19d1
	- fabric-data-generation-api-v1 20.2.16+16c4ae25d1
	- fabric-dimensions-v1 4.0.0+6fc22b99d1
	- fabric-entity-events-v1 1.6.12+6fc22b99d1
	- fabric-events-interaction-v0 0.7.12+ba9dae06d1
	- fabric-game-rule-api-v1 1.0.53+6ced4dd9d1
	- fabric-gametest-api-v1 2.0.4+6fc22b99d1
	- fabric-item-api-v1 11.0.0+afdfc921d1
	- fabric-item-group-api-v1 4.1.4+78017270d1
	- fabric-key-binding-api-v1 1.0.47+0af3f5a7d1
	- fabric-keybindings-v0 0.2.45+df3654b3d1
	- fabric-lifecycle-events-v1 2.3.12+6c1df360d1
	- fabric-loot-api-v2 3.0.14+3f89f5a5d1
	- fabric-loot-api-v3 1.0.2+3f89f5a5d1
	- fabric-message-api-v1 6.0.13+6573ed8cd1
	- fabric-model-loading-api-v1 2.0.0+fe474d6bd1
	- fabric-networking-api-v1 4.2.2+60c3209bd1
	- fabric-object-builder-api-v1 15.2.0+a551f7a4d1
	- fabric-particles-v1 4.0.2+6573ed8cd1
	- fabric-recipe-api-v1 5.0.12+65089712d1
	- fabric-registry-sync-v0 5.1.2+60c3209bd1
	- fabric-renderer-api-v1 3.4.0+c705a49cd1
	- fabric-renderer-indigo 1.7.0+c705a49cd1
	- fabric-renderer-registries-v1 3.2.68+df3654b3d1
	- fabric-rendering-data-attachment-v1 0.3.48+73761d2ed1
	- fabric-rendering-fluids-v1 3.1.6+b5597344d1
	- fabric-rendering-v0 1.1.71+df3654b3d1
	- fabric-rendering-v1 5.0.5+df16efd0d1
	- fabric-resource-conditions-api-v1 4.3.0+8dc279b1d1
	- fabric-resource-loader-v0 1.3.0+56599129d1
	- fabric-screen-api-v1 2.0.24+b5597344d1
	- fabric-screen-handler-api-v1 1.3.86+b5597344d1
	- fabric-sound-api-v1 1.0.23+6573ed8cd1
	- fabric-transfer-api-v1 5.1.16+3dccd343d1
	- fabric-transitive-access-wideners-v1 6.1.0+176f9036d1
	- fabricloader 0.18.1
	- java 22
	- minecraft 1.21
	- mixinextras 0.5.0
	- sealparadise 1.0.0
[12:45:24] [main/INFO] (FabricLoader/Mixin) SpongePowered MIXIN Subsystem Version=0.8.7 Source=file:/C:/Users/matig/.gradle/caches/modules-2/files-2.1/net.fabricmc/sponge-mixin/0.16.5+mixin.0.8.7/80fc3a9f592673cea87f4cd702f87991c6c9fe4d/sponge-mixin-0.16.5+mixin.0.8.7.jar Service=Knot/Fabric Env=CLIENT
[12:45:24] [main/INFO] (FabricLoader/Mixin) Loaded Fabric development mappings for mixin remapper!
[12:45:24] [main/INFO] (FabricLoader/Mixin) Compatibility level set to JAVA_17
[12:45:24] [main/INFO] (FabricLoader/Mixin) Compatibility level set to JAVA_21
[12:45:25] [main/INFO] (FabricLoader/MixinExtras|Service) Initializing MixinExtras via com.llamalad7.mixinextras.service.MixinExtrasServiceImpl(version=0.5.0).
[12:45:26] [Datafixer Bootstrap/INFO] (Minecraft) 226 Datafixer optimizations took 337 milliseconds
[12:45:30] [Render thread/INFO] (Minecraft) Environment: Environment[sessionHost=https://sessionserver.mojang.com, servicesHost=https://api.minecraftservices.com, name=PROD]
[12:45:30] [Render thread/INFO] (Minecraft) Setting user: Player763
[12:45:30] [Render thread/INFO] (Minecraft) [STDOUT]: SEALPARADISE: Rejestruje przedmioty, bloki i zwierzęta dla moda sealparadise
[12:45:30] [Render thread/INFO] (sealparadise) Registering ModItems forsealparadise
[12:45:30] [Render thread/INFO] (sealparadise) Registering ModBlocks forsealparadise
[12:45:30] [Render thread/INFO] (sealparadise) Registering Mod Entities for sealparadise
[12:45:30] [Render thread/INFO] (Minecraft) [STDOUT]: SEALPARADISE: Rejestruje portal dla moda sealparadise
[12:45:30] [Render thread/INFO] (Minecraft) [STDOUT]: SEALPARADISE: Rejestruje warunki pojawiania się zwierząt dla moda sealparadise
[12:45:31] [Render thread/INFO] (Indigo) [Indigo] Registering Indigo renderer!
[12:45:31] [Render thread/INFO] (Minecraft) Backend library: LWJGL version 3.3.3-snapshot
[12:45:32] [Render thread/INFO] (Minecraft) Reloading ResourceManager: vanilla, fabric, customportalapi, fabric-api, fabric-api-base, fabric-api-lookup-api-v1, fabric-biome-api-v1, fabric-block-api-v1, fabric-block-view-api-v2, fabric-blockrenderlayer-v1, fabric-client-tags-api-v1, fabric-command-api-v1, fabric-command-api-v2, fabric-commands-v0, fabric-content-registries-v0, fabric-convention-tags-v1, fabric-convention-tags-v2, fabric-crash-report-info-v1, fabric-data-attachment-api-v1, fabric-data-generation-api-v1, fabric-dimensions-v1, fabric-entity-events-v1, fabric-events-interaction-v0, fabric-game-rule-api-v1, fabric-gametest-api-v1, fabric-item-api-v1, fabric-item-group-api-v1, fabric-key-binding-api-v1, fabric-keybindings-v0, fabric-lifecycle-events-v1, fabric-loot-api-v2, fabric-loot-api-v3, fabric-message-api-v1, fabric-model-loading-api-v1, fabric-networking-api-v1, fabric-object-builder-api-v1, fabric-particles-v1, fabric-recipe-api-v1, fabric-registry-sync-v0, fabric-renderer-api-v1, fabric-renderer-indigo, fabric-renderer-registries-v1, fabric-rendering-data-attachment-v1, fabric-rendering-fluids-v1, fabric-rendering-v0, fabric-rendering-v1, fabric-resource-conditions-api-v1, fabric-resource-loader-v0, fabric-screen-api-v1, fabric-screen-handler-api-v1, fabric-sound-api-v1, fabric-transfer-api-v1, fabric-transitive-access-wideners-v1, fabricloader, sealparadise
[12:45:32] [Worker-Main-13/INFO] (Minecraft) Found unifont_all_no_pua-15.1.05.hex, loading
[12:45:33] [Worker-Main-14/INFO] (Minecraft) Found unifont_jp_patch-15.1.05.hex, loading
[12:45:33] [Worker-Main-7/WARN] (Minecraft) Unable to load model: 'sealparadise:item/niko_spawn_egg' referenced from: sealparadise:item/niko_spawn_egg: java.io.FileNotFoundException: sealparadise:models/item/niko_spawn_egg.json
[12:45:34] [Render thread/WARN] (Minecraft) Missing sound for event: minecraft:item.goat_horn.play
[12:45:34] [Render thread/WARN] (Minecraft) Missing sound for event: minecraft:entity.goat.screaming.horn_break
[12:45:34] [Render thread/INFO] (Minecraft) OpenAL initialized on device OpenAL Soft on Headphones (2- Arctis Nova 3)
[12:45:34] [Render thread/INFO] (Minecraft) Sound engine started
[12:45:34] [Render thread/INFO] (Minecraft) Created: 1024x512x4 minecraft:textures/atlas/blocks.png-atlas
[12:45:34] [Render thread/INFO] (Minecraft) Created: 256x256x4 minecraft:textures/atlas/signs.png-atlas
[12:45:34] [Render thread/INFO] (Minecraft) Created: 512x512x4 minecraft:textures/atlas/shield_patterns.png-atlas
[12:45:34] [Render thread/INFO] (Minecraft) Created: 512x512x4 minecraft:textures/atlas/banner_patterns.png-atlas
[12:45:34] [Render thread/INFO] (Minecraft) Created: 1024x1024x4 minecraft:textures/atlas/armor_trims.png-atlas
[12:45:34] [Render thread/INFO] (Minecraft) Created: 128x64x4 minecraft:textures/atlas/decorated_pot.png-atlas
[12:45:34] [Render thread/INFO] (Minecraft) Created: 256x256x4 minecraft:textures/atlas/chest.png-atlas
[12:45:34] [Render thread/INFO] (Minecraft) Created: 512x256x4 minecraft:textures/atlas/beds.png-atlas
[12:45:34] [Render thread/INFO] (Minecraft) Created: 512x256x4 minecraft:textures/atlas/shulker_boxes.png-atlas
[12:45:34] [Render thread/INFO] (Minecraft) Created: 512x256x0 minecraft:textures/atlas/particles.png-atlas
[12:45:34] [Render thread/INFO] (Minecraft) Created: 512x256x0 minecraft:textures/atlas/paintings.png-atlas
[12:45:34] [Render thread/INFO] (Minecraft) Created: 256x128x0 minecraft:textures/atlas/mob_effects.png-atlas
[12:45:34] [Render thread/INFO] (Minecraft) Created: 64x64x0 minecraft:textures/atlas/map_decorations.png-atlas
[12:45:34] [Render thread/INFO] (Minecraft) Created: 1024x512x0 minecraft:textures/atlas/gui.png-atlas
[12:45:34] [Render thread/WARN] (Minecraft) Shader rendertype_entity_translucent_emissive could not find sampler named Sampler2 in the specified shader program.
[12:45:39] [Render thread/INFO] (Minecraft) Loaded 1292 recipes
[12:45:39] [Render thread/INFO] (Minecraft) Loaded 1401 advancements
[12:45:41] [Render thread/INFO] (BiomeModificationImpl) Applied 0 biome modifications to 0 of 65 new biomes in 862.0 μs
[12:45:41] [Server thread/INFO] (Minecraft) Starting integrated minecraft server version 1.21
[12:45:41] [Server thread/INFO] (Minecraft) Generating keypair
[12:45:41] [Server thread/INFO] (Minecraft) Preparing start region for dimension minecraft:overworld
[12:45:41] [Render thread/INFO] (Minecraft) Preparing spawn area: 0%
[12:45:42] [Render thread/INFO] (Minecraft) Time elapsed: 351 ms
[12:45:42] [Server thread/WARN] (TranslationConventionLogWarnings) 
	Dev warning - Untranslated Item Tags detected. Please translate your item tags so other mods such as recipe viewers can properly display your tag's name.
	The format desired is tag.item.<namespace>.<path> for the translation key with slashes in path turned into periods.
	To disable this message, set this system property in your runs: `-Dfabric-tag-conventions-v2.missingTagTranslationWarning=SILENCED`.
	To see individual untranslated item tags found, set the system property to `-Dfabric-tag-conventions-v2.missingTagTranslationWarning=VERBOSE`.
	Default is `SHORT`.

[12:45:42] [Server thread/INFO] (Minecraft) Changing view distance to 12, from 10
[12:45:42] [Server thread/INFO] (Minecraft) Changing simulation distance to 12, from 0
[12:45:42] [Server thread/INFO] (Minecraft) Player763[local:E:53b88b5e] logged in with entity id 101 at (143.46494981765062, 79.86859856141189, 121.27757966677233)
[12:45:42] [Server thread/INFO] (Minecraft) Player763 joined the game
[12:45:43] [Render thread/INFO] (Minecraft) Loaded 14 advancements
[12:48:26] [Server thread/INFO] (Minecraft) Saving and pausing game...
[12:48:26] [Server thread/INFO] (Minecraft) Saving chunks for level 'ServerLevel[New World]'/minecraft:overworld
[12:48:26] [Server thread/INFO] (Minecraft) Saving chunks for level 'ServerLevel[New World]'/sealparadise:seal_world
[12:48:26] [Server thread/INFO] (Minecraft) Saving chunks for level 'ServerLevel[New World]'/minecraft:the_end
[12:48:26] [Server thread/INFO] (Minecraft) Saving chunks for level 'ServerLevel[New World]'/minecraft:the_nether
[12:49:21] [Server thread/INFO] (Minecraft) Saving and pausing game...
[12:49:21] [Server thread/INFO] (Minecraft) Saving chunks for level 'ServerLevel[New World]'/minecraft:overworld
[12:49:21] [Server thread/INFO] (Minecraft) Saving chunks for level 'ServerLevel[New World]'/sealparadise:seal_world
[12:49:21] [Server thread/INFO] (Minecraft) Saving chunks for level 'ServerLevel[New World]'/minecraft:the_end
[12:49:21] [Server thread/INFO] (Minecraft) Saving chunks for level 'ServerLevel[New World]'/minecraft:the_nether
[12:49:21] [Server thread/INFO] (Minecraft) Player763 lost connection: Disconnected
[12:49:21] [Server thread/INFO] (Minecraft) Player763 left the game
[12:49:21] [Server thread/INFO] (Minecraft) Stopping singleplayer server as player logged out
[12:49:21] [Server thread/INFO] (Minecraft) Stopping server
[12:49:21] [Server thread/INFO] (Minecraft) Saving players
[12:49:21] [Server thread/INFO] (Minecraft) Saving worlds
[12:49:21] [Server thread/INFO] (Minecraft) Saving chunks for level 'ServerLevel[New World]'/minecraft:overworld
[12:49:21] [Server thread/INFO] (Minecraft) Saving chunks for level 'ServerLevel[New World]'/sealparadise:seal_world
[12:49:21] [Server thread/INFO] (Minecraft) Saving chunks for level 'ServerLevel[New World]'/minecraft:the_end
[12:49:21] [Server thread/INFO] (Minecraft) Saving chunks for level 'ServerLevel[New World]'/minecraft:the_nether
[12:49:21] [Server thread/INFO] (Minecraft) ThreadedAnvilChunkStorage (New World (3)): All chunks are saved
[12:49:21] [Server thread/INFO] (Minecraft) ThreadedAnvilChunkStorage (seal_world): All chunks are saved
[12:49:21] [Server thread/INFO] (Minecraft) ThreadedAnvilChunkStorage (DIM1): All chunks are saved
[12:49:21] [Server thread/INFO] (Minecraft) ThreadedAnvilChunkStorage (DIM-1): All chunks are saved
[12:49:21] [Server thread/INFO] (Minecraft) ThreadedAnvilChunkStorage: All dimensions are saved
[12:49:22] [Render thread/INFO] (Minecraft) Stopping!
